11:07:56 **** Incremental Build of configuration Debug for project Lab1 ****
make -j8 all 
arm-none-eabi-gcc "../Core/Src/main.c" -mcpu=cortex-m3 -std=gnu11 -g3 -DDEBUG -DUSE_HAL_DRIVER -DSTM32F103x6 -c -I../Core/Inc -I../Drivers/STM32F1xx_HAL_Driver/Inc -I../Drivers/STM32F1xx_HAL_Driver/Inc/Legacy -I../Drivers/CMSIS/Device/ST/STM32F1xx/Include -I../Drivers/CMSIS/Include -O0 -ffunction-sections -fdata-sections -Wall -fstack-usage -MMD -MP -MF"Core/Src/main.d" -MT"Core/Src/main.o" --specs=nano.specs -mfloat-abi=soft -mthumb -o "Core/Src/main.o"
../Core/Src/main.c: In function 'main':
../Core/Src/main.c:101:7: warning: variable 'LastHour' set but not used [-Wunused-but-set-variable]
  101 |   int LastHour=11;
      |       ^~~~~~~~
../Core/Src/main.c:100:7: warning: variable 'LastMinute' set but not used [-Wunused-but-set-variable]
  100 |   int LastMinute=59;
      |       ^~~~~~~~~~
At top level:
../Core/Src/main.c:234:10: warning: 'clearNumberOnClock' defined but not used [-Wunused-function]
  234 |     void clearNumberOnClock(int i){
      |          ^~~~~~~~~~~~~~~~~~
arm-none-eabi-gcc -o "Lab1.elf" @"objects.list"   -mcpu=cortex-m3 -T"C:\D\University\MPU_MCU\REAL_demo_lab_workspace\Lab1\GIT_LAB1\SOURCECODE\Lab1\STM32F103C6UX_FLASH.ld" --specs=nosys.specs -Wl,-Map="Lab1.map" -Wl,--gc-sections -static --specs=nano.specs -mfloat-abi=soft -mthumb -Wl,--start-group -lc -lm -Wl,--end-group
Finished building target: Lab1.elf
 
arm-none-eabi-size   Lab1.elf 
arm-none-eabi-objdump -h -S  Lab1.elf  > "Lab1.list"
arm-none-eabi-objcopy  -O ihex  Lab1.elf  "Lab1.hex"
   text	   data	    bss	    dec	    hex	filename
   6108	     20	   1572	   7700	   1e14	Lab1.elf
arm-none-eabi-objcopy  -O binary  Lab1.elf  "Lab1.bin"
Finished building: default.size.stdout
 
Finished building: Lab1.hex
Finished building: Lab1.bin
 
Finished building: Lab1.list
 
 
